// Jest Snapshot v1, https://goo.gl/fbAQLP

exports[`UNIT TEST CounterApp.test.js should be show <CounterApp/> correctly 1`] = `
<Fragment>
  <h1>
    CounterApp
  </h1>
  <h2>
    10
  </h2>
  <button
    onClick={[Function]}
  >
    +1
  </button>
  <button
    onClick={[Function]}
  >
    Reset
  </button>
  <button
    onClick={[Function]}
  >
    -1
  </button>
</Fragment>
`;
