// Jest Snapshot v1, https://goo.gl/fbAQLP

exports[`test suit <TodoApp/> debe de mostrar el componente correctamente 1`] = `
<div>
  <h2>
    TodoApp (
    0
    )
  </h2>
  <TodoAdd
    handleAddTodo={[Function]}
  />
  <hr />
  <TodoList
    handleDelete={[Function]}
    handleToggle={[Function]}
    todos={Array []}
  />
</div>
`;
