// Jest Snapshot v1, https://goo.gl/fbAQLP

exports[`UNIT TEST HookApp.test.js should show the component correctly 1`] = `
<div>
  <h1>
    Hola mundo
  </h1>
</div>
`;
