// Jest Snapshot v1, https://goo.gl/fbAQLP

exports[`Pruebas en <HomeScreen> debe de mostrarse correctamente 1`] = `
<div>
  <h2>
    Home Screen
  </h2>
  <hr />
  <pre>
    {
    "name": "leonardo",
    "email": "leoz.31@hotmail.com"
}
  </pre>
</div>
`;
