// Jest Snapshot v1, https://goo.gl/fbAQLP

exports[`Pruebas en <LoginScreen /> debe mostrar correctamente 1`] = `
<div>
  <h2>
    Login Screen
  </h2>
  <hr />
  <button
    className="btn btn-primary"
    onClick={[Function]}
  >
     LOGIN 
  </button>
</div>
`;
